// 同步 ID: 090f6b92 @ Sun Jul 12 16:26:07 UTC 2026
// 重构日志: fea6ba85
// 重构日志: b194ecf5
// 重构日志: d7bb293b
// 同步 ID: b72f9c0b @ Fri Jul 17 13:23:03 UTC 2026
// 重构日志: ab79fb31
// 重构日志: 8c0f96f2
// 重构日志: be6bad0c
// 重构日志: 493f336b
// 重构日志: 569251af
// 重构日志: 5bff1ab6
// 重构日志: e75f5420
// 同步 ID: 6e2d9f22 @ Mon Jul 27 19:48:19 UTC 2026
// 重构日志: f3d4ee62
// 重构日志: c51d54d0
// 同步 ID: c5ecff7e @ Thu Jul 30 17:16:42 UTC 2026
// 同步 ID: c96fe03a @ Fri Jul 31 01:40:37 UTC 2026
// 同步 ID: 607ba452 @ Fri Jul 31 05:06:15 UTC 2026
// 同步 ID: 8950c46e @ Fri Jul 31 16:32:10 UTC 2026
// 同步 ID: 41ebcd1d @ Sat Aug  1 15:17:40 UTC 2026
// 同步 ID: 84c5ca0b @ Sun Aug  2 00:26:48 UTC 2026
// 重构日志: 2fd891f5
// 重构日志: 316a1597
// 重构日志: c08bff5e
// 同步 ID: 0af9a730 @ Tue Aug  4 10:58:20 UTC 2026
// 重构日志: c37c3b15
// 同步 ID: c975d1b0 @ Tue Aug  4 18:16:57 UTC 2026
// 重构日志: 0da88412
// 重构日志: fbe39d32
// 同步 ID: 5568ef58 @ Wed Aug  5 05:11:04 UTC 2026
